10:04:59 === goa graine 22 : N=500, sites=500, folds(lignes)=101/107/91/103/98 | estimateurs: baseline_mean,ols,gam_spatial,random_forest,xgboost,sar_lag,sem_error,inla_spde,inla_spde_group,inla_spde_st
10:04:59 baseline_mean | fold 1 ok (0.0s)
10:04:59 baseline_mean | fold 2 ok (0.0s)
10:04:59 baseline_mean | fold 3 ok (0.0s)
10:04:59 baseline_mean | fold 4 ok (0.0s)
10:05:00 baseline_mean | fold 5 ok (0.0s)
10:05:00 ols | fold 1 ok (0.0s)
10:05:00 ols | fold 2 ok (0.1s)
10:05:00 ols | fold 3 ok (0.0s)
10:05:00 ols | fold 4 ok (0.0s)
10:05:00 ols | fold 5 ok (0.0s)
10:05:00 gam_spatial | fold 1 ok (0.1s)
10:05:00 gam_spatial | fold 2 ok (0.0s)
10:05:00 gam_spatial | fold 3 ok (0.0s)
10:05:00 gam_spatial | fold 4 ok (0.0s)
10:05:00 gam_spatial | fold 5 ok (0.1s)
10:05:00 random_forest | fold 1 ok (0.2s)
10:05:01 random_forest | fold 2 ok (0.1s)
10:05:01 random_forest | fold 3 ok (0.1s)
10:05:01 random_forest | fold 4 ok (0.0s)
10:05:01 random_forest | fold 5 ok (0.0s)
10:05:01 xgboost | fold 1 ok (0.1s)
10:05:01 xgboost | fold 2 ok (0.1s)
10:05:01 xgboost | fold 3 ok (0.1s)
10:05:01 xgboost | fold 4 ok (0.1s)
10:05:01 xgboost | fold 5 ok (0.1s)
10:05:03 sar_lag | fold 1 ok (1.8s)
10:05:04 sar_lag | fold 2 ok (1.2s)
10:05:06 sar_lag | fold 3 ok (1.2s)
10:05:07 sar_lag | fold 4 ok (1.0s)
10:05:08 sar_lag | fold 5 ok (1.0s)
10:05:09 sem_error | fold 1 ok (1.0s)
10:05:10 sem_error | fold 2 ok (1.0s)
10:05:11 sem_error | fold 3 ok (1.0s)
10:05:12 sem_error | fold 4 ok (1.0s)
10:05:13 sem_error | fold 5 ok (1.0s)
10:05:32 inla_spde | fold 1 ok (18.6s)
10:05:45 inla_spde | fold 2 ok (12.9s)
10:06:01 inla_spde | fold 3 ok (16.0s)
10:06:15 inla_spde | fold 4 ok (14.2s)
10:06:28 inla_spde | fold 5 ok (13.1s)
10:06:45 inla_spde_group | fold 1 ok (16.7s)
10:07:05 inla_spde_group | fold 2 ok (20.1s)
10:07:27 inla_spde_group | fold 3 ok (22.3s)
10:07:48 inla_spde_group | fold 4 ok (20.3s)
10:08:13 inla_spde_group | fold 5 ok (25.0s)
10:17:56 inla_spde_st | fold 1 ok (583.0s)
10:26:47 inla_spde_st | fold 2 ok (531.1s)
10:36:19 inla_spde_st | fold 3 ok (572.2s)
10:52:56 inla_spde_st | fold 4 ok (996.0s)
11:02:26 inla_spde_st | fold 5 ok (570.6s)
11:02:27 === goa graine 22 TERMINE
11:02:30 === mistletoe graine 22 : N=978, sites=130, folds(lignes)=199/227/139/184/229 | estimateurs: baseline_mean,ols,gam_spatial,xgboost,inla_spde,inla_spde_group,inla_spde_st,inla_spde_st_group
11:02:30 baseline_mean | fold 1 ok (0.0s)
11:02:30 baseline_mean | fold 2 ok (0.0s)
11:02:30 baseline_mean | fold 3 ok (0.0s)
11:02:31 baseline_mean | fold 4 ok (0.0s)
11:02:31 baseline_mean | fold 5 ok (0.0s)
11:02:31 ols | fold 1 ok (0.0s)
11:02:31 ols | fold 2 ok (0.1s)
11:02:31 ols | fold 3 ok (0.0s)
11:02:31 ols | fold 4 ok (0.0s)
11:02:31 ols | fold 5 ok (0.0s)
11:02:32 gam_spatial | fold 1 ok (1.4s)
11:02:33 gam_spatial | fold 2 ok (0.4s)
11:02:33 gam_spatial | fold 3 ok (0.5s)
11:02:34 gam_spatial | fold 4 ok (0.4s)
11:02:35 gam_spatial | fold 5 ok (0.6s)
11:02:35 xgboost | fold 1 ok (0.2s)
11:02:35 xgboost | fold 2 ok (0.2s)
11:02:36 xgboost | fold 3 ok (0.2s)
11:02:36 xgboost | fold 4 ok (0.2s)
11:02:37 xgboost | fold 5 ok (0.2s)
11:03:07 inla_spde | fold 1 ok (30.0s)
11:03:37 inla_spde | fold 2 ok (30.5s)
11:04:05 inla_spde | fold 3 ok (27.7s)
11:04:36 inla_spde | fold 4 ok (30.7s)
11:05:05 inla_spde | fold 5 ok (29.1s)
11:05:24 inla_spde_group | fold 1 ok (18.3s)
11:05:43 inla_spde_group | fold 2 ok (19.0s)
11:06:02 inla_spde_group | fold 3 ok (18.8s)
11:06:21 inla_spde_group | fold 4 ok (19.0s)
11:06:41 inla_spde_group | fold 5 ok (19.3s)
11:08:07 inla_spde_st | fold 1 ok (85.8s)
11:09:26 inla_spde_st | fold 2 ok (78.8s)
11:10:53 inla_spde_st | fold 3 ok (87.0s)
11:12:01 inla_spde_st | fold 4 ok (68.1s)
11:13:23 inla_spde_st | fold 5 ok (81.7s)
11:15:55 inla_spde_st_group | fold 1 ok (151.6s)
11:17:26 inla_spde_st_group | fold 2 ok (91.1s)
11:18:59 inla_spde_st_group | fold 3 ok (92.3s)
11:20:48 inla_spde_st_group | fold 4 ok (108.7s)
11:22:27 inla_spde_st_group | fold 5 ok (99.0s)
11:22:27 === mistletoe graine 22 TERMINE
11:22:29 === crane graine 22 : N=650, sites=130, folds(lignes)=120/160/130/120/120 | estimateurs: baseline_mean,ols,gam_spatial,random_forest,xgboost,sar_probit,sem_probit,inla_spde,inla_spde_st
11:22:29 baseline_mean | fold 1 ok (0.0s)
11:22:29 baseline_mean | fold 2 ok (0.0s)
11:22:29 baseline_mean | fold 3 ok (0.0s)
11:22:29 baseline_mean | fold 4 ok (0.0s)
11:22:29 baseline_mean | fold 5 ok (0.0s)
11:22:29 ols | fold 1 ok (0.0s)
11:22:29 ols | fold 2 ok (0.0s)
11:22:29 ols | fold 3 ok (0.0s)
11:22:29 ols | fold 4 ok (0.0s)
11:22:29 ols | fold 5 ok (0.0s)
11:22:29 gam_spatial | fold 1 ok (0.1s)
11:22:29 gam_spatial | fold 2 ok (0.1s)
11:22:30 gam_spatial | fold 3 ok (0.1s)
11:22:30 gam_spatial | fold 4 ok (0.1s)
11:22:30 gam_spatial | fold 5 ok (0.1s)
11:22:30 random_forest | fold 1 ok (0.0s)
11:22:30 random_forest | fold 2 ok (0.0s)
11:22:30 random_forest | fold 3 ok (0.0s)
11:22:30 random_forest | fold 4 ok (0.0s)
11:22:30 random_forest | fold 5 ok (0.0s)
11:22:30 xgboost | fold 1 ok (0.0s)
11:22:30 xgboost | fold 2 ok (0.1s)
11:22:31 xgboost | fold 3 ok (0.1s)
11:22:31 xgboost | fold 4 ok (0.1s)
11:22:31 xgboost | fold 5 ok (0.0s)
11:22:31 sar_probit | fold 1 ok (0.4s)
11:22:32 sar_probit | fold 2 ok (0.5s)
11:22:32 sar_probit | fold 3 ok (0.4s)
11:22:33 sar_probit | fold 4 ok (0.3s)
11:22:33 sar_probit | fold 5 ok (0.4s)
11:22:33 sem_probit | fold 1 ok (0.2s)
11:22:34 sem_probit | fold 2 ok (0.2s)
11:22:34 sem_probit | fold 3 ok (0.4s)
11:22:35 sem_probit | fold 4 ok (0.2s)
11:22:35 sem_probit | fold 5 ok (0.3s)
11:22:59 inla_spde | fold 1 ok (23.5s)
11:23:24 inla_spde | fold 2 ok (25.4s)
11:23:44 inla_spde | fold 3 ok (20.3s)
11:24:05 inla_spde | fold 4 ok (21.0s)
11:24:29 inla_spde | fold 5 ok (23.0s)
11:25:41 inla_spde_st | fold 1 ok (72.1s)
11:26:47 inla_spde_st | fold 2 ok (66.6s)
11:28:00 inla_spde_st | fold 3 ok (72.7s)
11:29:25 inla_spde_st | fold 4 ok (84.2s)
11:31:18 inla_spde_st | fold 5 ok (113.5s)
11:31:19 === crane graine 22 TERMINE
11:31:23 === flapper graine 22 : N=707, sites=700, folds(lignes)=136/132/141/123/175 | estimateurs: baseline_mean,ols,gam_spatial,random_forest,xgboost,sar_probit,sem_probit,inla_spde,inla_spde_group
11:31:23 baseline_mean | fold 1 ok (0.0s)
11:31:23 baseline_mean | fold 2 ok (0.0s)
11:31:23 baseline_mean | fold 3 ok (0.0s)
11:31:23 baseline_mean | fold 4 ok (0.0s)
11:31:23 baseline_mean | fold 5 ok (0.0s)
11:31:23 ols | fold 1 ok (0.0s)
11:31:24 ols | fold 2 ok (0.2s)
11:31:24 ols | fold 3 ok (0.0s)
11:31:24 ols | fold 4 ok (0.0s)
11:31:24 ols | fold 5 ok (0.0s)
11:31:24 gam_spatial | fold 1 ok (0.3s)
11:31:24 gam_spatial | fold 2 ok (0.3s)
11:31:25 gam_spatial | fold 3 ok (0.3s)
11:31:25 gam_spatial | fold 4 ok (0.5s)
11:31:26 gam_spatial | fold 5 ok (0.3s)
11:31:26 random_forest | fold 1 ok (0.1s)
11:31:26 random_forest | fold 2 ok (0.1s)
11:31:27 random_forest | fold 3 ok (0.1s)
11:31:27 random_forest | fold 4 ok (0.2s)
11:31:27 random_forest | fold 5 ok (0.1s)
11:31:27 xgboost | fold 1 ok (0.2s)
11:31:28 xgboost | fold 2 ok (0.2s)
11:31:28 xgboost | fold 3 ok (0.2s)
11:31:28 xgboost | fold 4 ok (0.3s)
11:31:29 xgboost | fold 5 ok (0.2s)
11:31:31 sar_probit | fold 1 ok (2.4s)
11:31:33 sar_probit | fold 2 ok (1.4s)
11:31:34 sar_probit | fold 3 ok (0.7s)
11:31:35 sar_probit | fold 4 ok (1.3s)
11:31:36 sar_probit | fold 5 ok (0.8s)
11:31:37 sem_probit | fold 1 ok (0.8s)
11:31:39 sem_probit | fold 2 ok (1.1s)
11:31:39 sem_probit | fold 3 ok (0.8s)
11:31:40 sem_probit | fold 4 ok (0.6s)
11:31:41 sem_probit | fold 5 ok (0.6s)
11:32:10 inla_spde | fold 1 ok (28.6s)
11:32:39 inla_spde | fold 2 ok (28.6s)
11:33:07 inla_spde | fold 3 ok (28.1s)
11:33:35 inla_spde | fold 4 ok (28.0s)
11:34:02 inla_spde | fold 5 ok (27.1s)
11:34:24 inla_spde_group | fold 1 ok (21.3s)
11:34:45 inla_spde_group | fold 2 ok (20.6s)
11:35:08 inla_spde_group | fold 3 ok (23.4s)
11:35:32 inla_spde_group | fold 4 ok (23.8s)
11:35:57 inla_spde_group | fold 5 ok (24.6s)
11:35:58 === flapper graine 22 TERMINE
11:36:02 === banff graine 22 : N=110, sites=110, folds(lignes)=22/19/23/21/25 | estimateurs: baseline_mean,ols,gam_spatial,random_forest,xgboost,sar_lag,sem_error,inla_spde,inla_spde_group
11:36:02 baseline_mean | fold 1 ok (0.0s)
11:36:02 baseline_mean | fold 2 ok (0.0s)
11:36:02 baseline_mean | fold 3 ok (0.0s)
11:36:02 baseline_mean | fold 4 ok (0.0s)
11:36:02 baseline_mean | fold 5 ok (0.0s)
11:36:02 ols | fold 1 ok (0.0s)
11:36:02 ols | fold 2 ok (0.1s)
11:36:02 ols | fold 3 ok (0.0s)
11:36:02 ols | fold 4 ok (0.0s)
11:36:02 ols | fold 5 ok (0.0s)
11:36:02 gam_spatial | fold 1 ok (0.1s)
11:36:02 gam_spatial | fold 2 ok (0.0s)
11:36:02 gam_spatial | fold 3 ok (0.1s)
11:36:02 gam_spatial | fold 4 ok (0.1s)
11:36:02 gam_spatial | fold 5 ok (0.1s)
11:36:03 random_forest | fold 1 ok (0.1s)
11:36:03 random_forest | fold 2 ok (0.1s)
11:36:03 random_forest | fold 3 ok (0.1s)
11:36:03 random_forest | fold 4 ok (0.0s)
11:36:03 random_forest | fold 5 ok (0.0s)
11:36:03 xgboost | fold 1 ok (0.2s)
11:36:03 xgboost | fold 2 ok (0.1s)
11:36:03 xgboost | fold 3 ok (0.1s)
11:36:04 xgboost | fold 4 ok (0.1s)
11:36:04 xgboost | fold 5 ok (0.1s)
11:36:05 sar_lag | fold 1 ok (1.2s)
11:36:06 sar_lag | fold 2 ok (1.2s)
11:36:07 sar_lag | fold 3 ok (1.1s)
11:36:08 sar_lag | fold 4 ok (1.1s)
11:36:10 sar_lag | fold 5 ok (1.2s)
11:36:11 sem_error | fold 1 ok (1.1s)
11:36:12 sem_error | fold 2 ok (1.1s)
11:36:13 sem_error | fold 3 ok (1.1s)
11:36:14 sem_error | fold 4 ok (1.3s)
11:36:16 sem_error | fold 5 ok (1.0s)
11:36:34 inla_spde | fold 1 ok (18.0s)
11:36:52 inla_spde | fold 2 ok (18.5s)
11:37:10 inla_spde | fold 3 ok (18.2s)
11:37:28 inla_spde | fold 4 ok (17.3s)
11:37:45 inla_spde | fold 5 ok (17.3s)
11:38:11 inla_spde_group | fold 1 ok (25.3s)
11:38:36 inla_spde_group | fold 2 ok (25.0s)
11:39:00 inla_spde_group | fold 3 ok (24.4s)
11:39:26 inla_spde_group | fold 4 ok (25.9s)
11:39:52 inla_spde_group | fold 5 ok (25.5s)
11:39:52 === banff graine 22 TERMINE
11:39:56 === georgia graine 22 : N=159, sites=159, folds(lignes)=32/30/34/27/36 | estimateurs: baseline_mean,ols,gam_spatial,random_forest,xgboost,sar_lag,sem_error,inla_spde
11:39:56 baseline_mean | fold 1 ok (0.0s)
11:39:56 baseline_mean | fold 2 ok (0.0s)
11:39:56 baseline_mean | fold 3 ok (0.0s)
11:39:56 baseline_mean | fold 4 ok (0.0s)
11:39:56 baseline_mean | fold 5 ok (0.0s)
11:39:56 ols | fold 1 ok (0.0s)
11:39:56 ols | fold 2 ok (0.1s)
11:39:56 ols | fold 3 ok (0.0s)
11:39:56 ols | fold 4 ok (0.0s)
11:39:56 ols | fold 5 ok (0.0s)
11:39:56 gam_spatial | fold 1 ok (0.1s)
11:39:56 gam_spatial | fold 2 ok (0.0s)
11:39:56 gam_spatial | fold 3 ok (0.1s)
11:39:56 gam_spatial | fold 4 ok (0.1s)
11:39:56 gam_spatial | fold 5 ok (0.1s)
11:39:57 random_forest | fold 1 ok (0.1s)
11:39:57 random_forest | fold 2 ok (0.1s)
11:39:57 random_forest | fold 3 ok (0.0s)
11:39:57 random_forest | fold 4 ok (0.1s)
11:39:57 random_forest | fold 5 ok (0.1s)
11:39:57 xgboost | fold 1 ok (0.2s)
11:39:57 xgboost | fold 2 ok (0.2s)
11:39:58 xgboost | fold 3 ok (0.2s)
11:39:58 xgboost | fold 4 ok (0.2s)
11:39:58 xgboost | fold 5 ok (0.1s)
11:39:59 sar_lag | fold 1 ok (1.4s)
11:40:01 sar_lag | fold 2 ok (1.8s)
11:40:03 sar_lag | fold 3 ok (1.4s)
11:40:04 sar_lag | fold 4 ok (1.3s)
11:40:06 sar_lag | fold 5 ok (1.4s)
11:40:07 sem_error | fold 1 ok (1.3s)
11:40:08 sem_error | fold 2 ok (1.3s)
11:40:10 sem_error | fold 3 ok (1.4s)
11:40:11 sem_error | fold 4 ok (1.2s)
11:40:12 sem_error | fold 5 ok (1.2s)
11:40:32 inla_spde | fold 1 ok (19.7s)
11:40:53 inla_spde | fold 2 ok (20.7s)
11:41:13 inla_spde | fold 3 ok (19.8s)
11:41:34 inla_spde | fold 4 ok (20.6s)
11:41:53 inla_spde | fold 5 ok (19.4s)
11:41:53 === georgia graine 22 TERMINE
11:41:57 === baltimore graine 22 : N=211, sites=211, folds(lignes)=46/46/38/44/37 | estimateurs: baseline_mean,ols,gam_spatial,random_forest,xgboost,sar_lag,sem_error,inla_spde
11:41:57 baseline_mean | fold 1 ok (0.0s)
11:41:57 baseline_mean | fold 2 ok (0.0s)
11:41:57 baseline_mean | fold 3 ok (0.0s)
11:41:57 baseline_mean | fold 4 ok (0.0s)
11:41:57 baseline_mean | fold 5 ok (0.0s)
11:41:57 ols | fold 1 ok (0.0s)
11:41:57 ols | fold 2 ok (0.1s)
11:41:57 ols | fold 3 ok (0.0s)
11:41:57 ols | fold 4 ok (0.0s)
11:41:57 ols | fold 5 ok (0.0s)
11:41:57 gam_spatial | fold 1 ok (0.1s)
11:41:57 gam_spatial | fold 2 ok (0.1s)
11:41:57 gam_spatial | fold 3 ok (0.0s)
11:41:58 gam_spatial | fold 4 ok (0.1s)
11:41:58 gam_spatial | fold 5 ok (0.1s)
11:41:58 random_forest | fold 1 ok (0.1s)
11:41:58 random_forest | fold 2 ok (0.1s)
11:41:58 random_forest | fold 3 ok (0.1s)
11:41:58 random_forest | fold 4 ok (0.1s)
11:41:58 random_forest | fold 5 ok (0.1s)
11:41:58 xgboost | fold 1 ok (0.1s)
11:41:59 xgboost | fold 2 ok (0.2s)
11:41:59 xgboost | fold 3 ok (0.2s)
11:41:59 xgboost | fold 4 ok (0.2s)
11:41:59 xgboost | fold 5 ok (0.2s)
11:42:01 sar_lag | fold 1 ok (1.6s)
11:42:03 sar_lag | fold 2 ok (1.4s)
11:42:04 sar_lag | fold 3 ok (1.3s)
11:42:06 sar_lag | fold 4 ok (1.5s)
11:42:07 sar_lag | fold 5 ok (1.5s)
11:42:09 sem_error | fold 1 ok (1.5s)
11:42:10 sem_error | fold 2 ok (1.3s)
11:42:11 sem_error | fold 3 ok (1.3s)
11:42:13 sem_error | fold 4 ok (1.6s)
11:42:14 sem_error | fold 5 ok (1.3s)
11:42:40 inla_spde | fold 1 ok (25.2s)
11:43:05 inla_spde | fold 2 ok (24.8s)
11:43:28 inla_spde | fold 3 ok (23.8s)
11:43:52 inla_spde | fold 4 ok (23.1s)
11:44:17 inla_spde | fold 5 ok (25.3s)
11:44:17 === baltimore graine 22 TERMINE
